扫描 40 只: conf≥90 持仓≤3 持999K 止损-6% 止盈+15% 成本0.40% 门禁: 大盘闭/资金闭/板块闭
  [1/40] sh605599 事件9个
  [2/40] sh605598 事件7个
  [3/40] sh605589 事件5个
  [4/40] sh605588 事件7个
  [5/40] sh605580 事件8个
  [6/40] sh605577 事件4个
  [7/40] sh605567 事件7个
  [8/40] sh605566 事件11个
  [9/40] sh605555 事件8个
  [10/40] sh605507 事件7个
  [11/40] sh605500 事件12个
  [12/40] sh605499 事件7个
  [13/40] sh605488 事件12个
  [14/40] sh605399 事件6个
  [15/40] sh605398 事件4个
  [16/40] sh605389 事件9个
  [17/40] sh605388 事件10个
  [18/40] sh605378 事件6个
  [19/40] sh605377 事件7个
  [20/40] sh605376 事件12个
  [21/40] sh605369 事件9个
  [22/40] sh605368 事件14个
  [23/40] sh605366 事件7个
  [24/40] sh605365 事件9个
  [25/40] sh605358 事件5个
  [26/40] sh605339 事件3个
  [27/40] sh605338 事件10个
  [28/40] sh605337 事件4个
  [29/40] sh605336 事件12个
  [30/40] sh605333 事件9个
  [31/40] sh605319 事件9个
  [32/40] sh605318 事件6个
  [33/40] sh605305 事件8个
  [34/40] sh605303 事件9个
  [35/40] sh605300 事件7个
  [36/40] sh605299 事件8个
  [37/40] sh605298 事件8个
  [38/40] sh605296 事件6个
  [39/40] sh605289 事件7个
  [40/40] sh605288 事件6个

有效股票 40 只, 开始回放 ...
已导出逐笔: docs/paper_mainboard_trades.csv
============================================================
# 模拟盘引擎·真实K线历史回放回测

- 生成: 2026-09-04
- 口径: 初始资金 1,000,000 · 持仓上限 3 · conf≥90 · 持999K · 止损-6% · 止盈+15% · 单边成本0.40%
- 双策略选股: 纪律(强多头事件 Spring/Shakeout/ST/LPS/SC conf≥阈值) 优先, 无纪律信号时回退价值吸筹(底部整固 + 近20根内吸筹事件, 无conf门槛)
- 硬门禁: 全部关闭

> 局限: 板块强度>60分位 与 资金流净流入>50分位 两道门禁缺历史数据，本次回测未执行（仅执行可历史重建的大盘20日线门禁 + 双策略选股[纪律conf≥阈值 / 价值吸筹] + 结构位止损 + 持仓上限）。

### 收益统计

- 已平仓: **69** 笔 · 当前持仓 0 只
- 累计收益(账面): **+166.93%**
- 胜率: **50.7%** · 单笔均收 +4.68% · 盈亏比 2.139
- 最大回撤: **-2.44%**
- CAGR: **+32.10%** (区间 2023-02-23 ~ 2026-09-03, 3.5 年)

| 平仓原因 | 笔数 | 平均收益 |
|---|---|---|
| 条件单:take_profit | 35 | +16.90% |
| 条件单:stop_loss | 34 | -7.90% |

| 事件 | 笔数 | 胜率 | 平均收益 |
|---|---|---|---|
| Spring | 53 | 53% | +5.13% |
| ST | 12 | 42% | +2.28% |
| Shakeout | 4 | 50% | +5.91% |

| 策略 | 笔数 | 胜率 | 平均收益 | 收益合计 |
|---|---|---|---|---|
| 纪律 | 56 | 50% | +4.33% | +242.3% |
| 价值吸筹 | 13 | 54% | +6.20% | +80.7% |

*历史回放，不构成投资建议。*
已写出报告: docs/paper_mainboard_bt.md
DONE exit=0
